[shophama.site/index.html]
[backblue.gif]
[fade.gif]
[index.html]
[shophama.site/assets/storage/images/favicon_QCU.png]
[shophama.site/public/datum/assets/css/backend-plugin.min.css]
[shophama.site/resources/css/responsive.css]
[shophama.site/resources/css/backende209.css]
[shophama.site/resources/css/customize.css]
[shophama.site/resources/js/jquery.js]
[shophama.site/public/sweetalert2/default.css]
[shophama.site/public/sweetalert2/sweetalert2.js]
[shophama.site/public/cute-alert/style.css]
[shophama.site/public/cute-alert/cute-alert.js]
[shophama.site/public/js/jquery-3.6.0.js]
[shophama.site/assets/storage/images/gif_loader7CL.png]
[shophama.site/assets/storage/images/logo_dark_86W.png]
[shophama.site/assets/storage/flags/flag_Vietnamese.png]
[shophama.site/assets/storage/flags/flag_English.png]
[shophama.site/client/home/shop-account.html]
[shophama.site/client/orders.10.delayed]
[shophama.site/client/login.html]
[shophama.site/client/top-money.html]
[shophama.site/client/recharge]
[shophama.site/client/invoices]
[shophama.site/indexe877.php]
[shophama.site/client/nap-the]
[shophama.site/client/blogs.html]
[shophama.site/public/datum/assets/images/user/1.jpg]
[shophama.site/client/contact.html]
[shophama.site/taigame/index.html]
[shophama.site/client/register.html]
[shophama.site/assets/storage/images/categoryCB5.png]
[shophama.site/assets/storage/images/category1OSA.png]
[shophama.site/assets/storage/images/categoryGMO.png]
[shophama.site/assets/storage/images/categoryR0I.png]
[shophama.site/assets/storage/images/category5BJH.png]
[shophama.site/assets/storage/images/categoryQA2C.png]
[shophama.site/assets/storage/images/categoryMRD.png]
[shophama.site/resources/images/bg-buy.png]
[shophama.site/ajaxs/client/loadForm5445.html]
[shophama.site/client/privacy-policy.html]
[shophama.site/client/terms.html]
[shophama.site/public/datum/assets/js/backend-bundle.min.js]
[shophama.site/public/datum/assets/js/customizer.js]
[shophama.site/public/datum/assets/js/sidebar.js]
[shophama.site/public/datum/assets/js/flex-tree.min.js]
[shophama.site/public/datum/assets/js/tree.js]
[shophama.site/public/datum/assets/js/table-treeview.js]
[shophama.site/public/datum/assets/js/sweetalert.js]
[shophama.site/public/datum/assets/js/vector-map-custom.js]
[shophama.site/public/datum/assets/js/chart-custom.js]
[shophama.site/public/datum/assets/js/charts/01.js]
[shophama.site/public/datum/assets/js/charts/02.js]
[shophama.site/public/datum/assets/js/slider.js]
[shophama.site/public/datum/assets/vendor/emoji-picker-element/index.js]
[shophama.site/public/datum/assets/js/app.js]
[shophama.site/index.html]
[shophama.site/public/datum/assets/css/images/layers.png.html]
[shophama.site/public/datum/assets/css/images/layers-2x.png.html]
[shophama.site/public/datum/assets/css/images/marker-icon.png.html]
[shophama.site/public/datum/assets/css/backend-plugin.min.css]
[shophama.site/resources/css/responsive.css]
[shophama.site/resources/css/backende209.css]
[shophama.site/resources/css/customize.css]
[shophama.site/public/sweetalert2/default.css]
[shophama.site/public/cute-alert/style.css]
[shophama.site/client/recharge]
[shophama.site/client/invoices]
[shophama.site/indexe877.php]
[shophama.site/client/nap-the]
[shophama.site/client/home/shop-account.html]
[shophama.site/assets/storage/images/bg_loginSLG.png]
[shophama.site/assets/storage/images/logo_light_W54.png]
[shophama.site/client/forgot-password.html]
[shophama.site/client/login.html]
[shophama.site/client/home.html]
[shophama.site/client/recharge]
[shophama.site/client/invoices]
[shophama.site/indexe877.php]
[shophama.site/client/nap-the]
[shophama.site/client/top-money.html]
[shophama.site/client/recharge]
[shophama.site/client/invoices]
[shophama.site/indexe877.php]
[shophama.site/client/nap-the]
[shophama.site/client/blog/map-sang-lien-quan-mobile-.html]
[shophama.site/assets/storage/images/blogH3W5VK.png]
[shophama.site/assets/storage/images/blogA7BYPM.png]
[shophama.site/client/blog/gioi-thieu-shop-ban-acc-va-key-game-nhanh-uy-tin-gia-tot.html]
[shophama.site/assets/storage/images/blogO75WT2.png]
[shophama.site/client/blog/hack-dinh-vi-free-fire-la.html]
[shophama.site/client/blogs.html]
[shophama.site/client/recharge]
[shophama.site/client/invoices]
[shophama.site/indexe877.php]
[shophama.site/client/nap-the]
[shophama.site/client/contact.html]
[shophama.site/public/client/assets/css/pages/login/classic/login-2.css]
[shophama.site/assets/storage/images/bg_registerUBV.png]
[shophama.site/client/register.html]
[shophama.site/hama.png]
[shophama.site/fcglobal.png]
[shophama.site/client/index.html]
[shophama.site/fc.png]
[shophama.site/8ball.png]
[shophama.site/pubg.png]
[shophama.site/mg3.png]
[shophama.site/brmod.png]
[shophama.site/xtff3.png]
[shophama.site/CFM.png]
[shophama.site/netwing.png]
[shophama.site/fakekag.png]
[shophama.site/taigame/api/create_order.json]
[shophama.site/taigame/api/check_orderd5d8.json]
[shophama.site/taigame/index.html]
[shophama.site/ajaxs/client/loadForm5445.html]
[shophama.site/client/recharge]
[shophama.site/client/invoices]
[shophama.site/indexe877.php]
[shophama.site/client/nap-the]
[shophama.site/client/privacy-policy.html]
[shophama.site/client/recharge]
[shophama.site/client/invoices]
[shophama.site/indexe877.php]
[shophama.site/client/nap-the]
[shophama.site/client/terms.html]
[shophama.site/public/datum/assets/css/images/layers.png.html]
[shophama.site/public/datum/assets/css/images/layers-2x.png.html]
[shophama.site/public/datum/assets/css/images/marker-icon.png.html]
[shophama.site/resources/images/loader.html]
[shophama.site/resources/images/dark-loader.html]
[shophama.site/client/forgot-password.html]
[shophama.site/client/recharge]
[shophama.site/client/invoices]
[shophama.site/indexe877.php]
[shophama.site/client/nap-the]
[shophama.site/client/home.html]
[shophama.site/client/recharge]
[shophama.site/client/invoices]
[shophama.site/indexe877.php]
[shophama.site/client/nap-the]
[shophama.site/client/blog/map-sang-lien-quan-mobile-.html]
[shophama.site/client/recharge]
[shophama.site/client/invoices]
[shophama.site/indexe877.php]
[shophama.site/client/nap-the]
[shophama.site/client/blog/gioi-thieu-shop-ban-acc-va-key-game-nhanh-uy-tin-gia-tot.html]
[shophama.site/client/recharge]
[shophama.site/client/invoices]
[shophama.site/indexe877.php]
[shophama.site/client/nap-the]
[shophama.site/client/blog/hack-dinh-vi-free-fire-la.html]
[shophama.site/public/client/assets/css/pages/login/classic/login-2.css]
[shophama.site/client/recharge]
[shophama.site/client/invoices]
[shophama.site/indexe877.php]
[shophama.site/client/nap-the]
[shophama.site/client/index.html]
